// Jest Snapshot v1, https://goo.gl/fbAQLP

exports[`<AppRoutes/> renders entire app route components without crashing 1`] = `
<BrowserRouter>
  <Switch>
    <Route
      component={[Function]}
      exact={true}
      path="/"
    />
    <Route
      component={[Function]}
      exact={true}
      path="/signup"
    />
    <Route
      component={[Function]}
      exact={true}
      path="/signin"
    />
    <Route
      component={[Function]}
      exact={true}
      path="/recipes"
    />
    <Route
      component={[Function]}
      exact={true}
      path="/dashboard"
    />
    <Route
      component={[Function]}
      exact={true}
      path="/user/recipes"
    />
    <Route
      component={[Function]}
      exact={true}
      path="/user/favorites"
    />
    <Route
      component={[Function]}
      exact={true}
      path="/recipes/:id/recipe-details"
    />
    <Route
      component={[Function]}
      exact={true}
      path="/user/profile"
    />
    <Route
      component={[Function]}
    />
  </Switch>
</BrowserRouter>
`;
